// Jest Snapshot v1, https://goo.gl/fbAQLP

exports[`snapshot testing Item 1`] = `
Object {
  "instance": null,
  "nodeType": "component",
  "props": Object {
    "classes": Object {
      "root": "abc",
    },
    "hasFocus": [MockFunction],
    "isSelected": false,
    "item": Object {
      "id": "001",
      "name": "Test Product 1",
      "price": Object {
        "regularPrice": Object {
          "amount": Object {
            "value": 100,
          },
        },
      },
      "small_image": "/test/product/1.png",
    },
    "itemIndex": 0,
    "render": [MockFunction] {
      "calls": Array [
        Array [
          Object {
            "children": null,
            "className": "abc",
            "classes": Object {
              "root": "abc",
            },
            "hasFocus": [MockFunction],
            "isSelected": false,
            "item": Object {
              "id": "001",
              "name": "Test Product 1",
              "price": Object {
                "regularPrice": Object {
                  "amount": Object {
                    "value": 100,
                  },
                },
              },
              "small_image": "/test/product/1.png",
            },
            "itemIndex": 0,
            "onClick": [Function],
            "onFocus": [Function],
          },
          Object {},
        ],
      ],
      "results": Array [
        Object {
          "type": "return",
          "value": <div />,
        },
      ],
    },
    "setFocus": [MockFunction],
    "uniqueID": "001",
    "updateSelection": [MockFunction],
  },
  "rendered": Object {
    "instance": null,
    "nodeType": "component",
    "props": Object {
      "children": null,
      "className": "abc",
      "classes": Object {
        "root": "abc",
      },
      "hasFocus": [MockFunction],
      "isSelected": false,
      "item": Object {
        "id": "001",
        "name": "Test Product 1",
        "price": Object {
          "regularPrice": Object {
            "amount": Object {
              "value": 100,
            },
          },
        },
        "small_image": "/test/product/1.png",
      },
      "itemIndex": 0,
      "onClick": [Function],
      "onFocus": [Function],
    },
    "rendered": Object {
      "instance": null,
      "nodeType": "host",
      "props": Object {},
      "rendered": Array [],
      "type": "div",
    },
    "type": [MockFunction] {
      "calls": Array [
        Array [
          Object {
            "children": null,
            "className": "abc",
            "classes": Object {
              "root": "abc",
            },
            "hasFocus": [MockFunction],
            "isSelected": false,
            "item": Object {
              "id": "001",
              "name": "Test Product 1",
              "price": Object {
                "regularPrice": Object {
                  "amount": Object {
                    "value": 100,
                  },
                },
              },
              "small_image": "/test/product/1.png",
            },
            "itemIndex": 0,
            "onClick": [Function],
            "onFocus": [Function],
          },
          Object {},
        ],
      ],
      "results": Array [
        Object {
          "type": "return",
          "value": <div />,
        },
      ],
    },
  },
  "type": [Function],
}
`;
