// Jest Snapshot v1, https://goo.gl/fbAQLP

exports[`renders components if cart has items 1`] = `
<div>
  <title>
    Cart - Venia
  </title>
  <div>
    <h1>
      Cart
    </h1>
    <button
      onClick={[Function]}
      type="button"
    >
      <span>
        Sign In
      </span>
    </button>
  </div>
  <div>
    <div>
      <ProductListing
        setIsCartUpdating={[Function]}
      />
    </div>
    <div>
      <PriceAdjustments
        setIsCartUpdating={[Function]}
      />
    </div>
    <div>
      <div>
        <PriceSummary
          isUpdating={false}
        />
      </div>
    </div>
  </div>
</div>
`;

exports[`renders empty cart text (no adjustments, list or summary) if cart is empty 1`] = `
<div>
  <title>
    Cart - Venia
  </title>
  <div>
    <h1>
      Cart
    </h1>
    <button
      onClick={[Function]}
      type="button"
    >
      <span>
        Sign In
      </span>
    </button>
  </div>
  <div>
    <div>
      <h3>
        There are no items in your cart.
      </h3>
    </div>
    <div />
    <div>
      <div />
    </div>
  </div>
</div>
`;
