// Jest Snapshot v1, https://goo.gl/fbAQLP

exports[`renders a suggestedProduct component 1`] = `
Array [
  <div
    className="root container"
  >
    <img
      alt="Product Name"
      className="image placeholder"
      loading="eager"
      src="data:image/png;base64,iVBORw0KGgoAAAANSUhEUgAAAAQAAAAFCAQAAADIpIVQAAAADklEQVR42mNkgAJGIhgAALQABsHyMOcAAAAASUVORK5CYII="
      width={60}
    />
    <img
      alt="Product Name"
      className="image notLoaded"
      loading="lazy"
      onError={[Function]}
      onLoad={[Function]}
      sizes="60px"
      src="/media/catalog/product/media/catalog/category/minimalist.jpg?auto=webp&format=pjpg&width=60&height=75&fit=cover"
      srcSet="/media/catalog/product/media/catalog/category/minimalist.jpg?auto=webp&format=pjpg&width=40&height=50&fit=cover 40w,
/media/catalog/product/media/catalog/category/minimalist.jpg?auto=webp&format=pjpg&width=80&height=100&fit=cover 80w,
/media/catalog/product/media/catalog/category/minimalist.jpg?auto=webp&format=pjpg&width=160&height=200&fit=cover 160w,
/media/catalog/product/media/catalog/category/minimalist.jpg?auto=webp&format=pjpg&width=320&height=400&fit=cover 320w,
/media/catalog/product/media/catalog/category/minimalist.jpg?auto=webp&format=pjpg&width=640&height=800&fit=cover 640w,
/media/catalog/product/media/catalog/category/minimalist.jpg?auto=webp&format=pjpg&width=960&height=1200&fit=cover 960w,
/media/catalog/product/media/catalog/category/minimalist.jpg?auto=webp&format=pjpg&width=1280&height=1600&fit=cover 1280w,
/media/catalog/product/media/catalog/category/minimalist.jpg?auto=webp&format=pjpg&width=1600&height=2000&fit=cover 1600w,
/media/catalog/product/media/catalog/category/minimalist.jpg?auto=webp&format=pjpg&width=2560&height=3200&fit=cover 2560w"
      width={60}
    />
  </div>,
  <span
    className="name"
  >
    Product Name
  </span>,
  <span
    className="price"
  >
    <span>
      $
    </span>
    <span>
      3
    </span>
    <span>
      .
    </span>
    <span>
      50
    </span>
  </span>,
]
`;
