// Jest Snapshot v1, https://goo.gl/fbAQLP

exports[`renders list of products with items in cart 1`] = `
<ul
  className="root"
>
  <Product
    item="1"
  />
  <Product
    item="2"
  />
  <Product
    item="3"
  />
</ul>
`;

exports[`renders string with no items in cart 1`] = `
<h3>
  There are no items in your cart.
</h3>
`;
