// Jest Snapshot v1, https://goo.gl/fbAQLP

exports[`does not render a close X button in modal mode 1`] = `
<modal-mock>
  <aside>
    <form
      onKeyDown={[Function]}
      onReset={[Function]}
      onSubmit={[Function]}
    >
      <button
        disabled={true}
        type="reset"
      />
      <div>
        <div>
          <span>
            Unit Test Dialog Title
          </span>
        </div>
        <div>
          <div />
          <div>
            <button
              className="root_normalPriority"
              disabled={false}
              type="reset"
            >
              <span
                className="content"
              >
                Cancel
              </span>
            </button>
            <button
              className="root_highPriority"
              type="submit"
            >
              <span
                className="content"
              >
                Confirm
              </span>
            </button>
          </div>
        </div>
      </div>
    </form>
  </aside>
</modal-mock>
`;

exports[`renders a Dialog with disabled buttons 1`] = `
<modal-mock>
  <aside>
    <form
      onKeyDown={[Function]}
      onReset={[Function]}
      onSubmit={[Function]}
    >
      <button
        disabled={true}
        type="reset"
      />
      <div>
        <div>
          <span>
            Unit Test Dialog Title
          </span>
          <button
            disabled={true}
            type="reset"
          >
            <span
              className="root"
            >
              <svg
                className="icon"
                fill="none"
                height="24"
                stroke="currentColor"
                strokeLinecap="round"
                strokeLinejoin="round"
                strokeWidth="2"
                viewBox="0 0 24 24"
                width="24"
                xmlns="http://www.w3.org/2000/svg"
              >
                <line
                  x1="18"
                  x2="6"
                  y1="6"
                  y2="18"
                />
                <line
                  x1="6"
                  x2="18"
                  y1="6"
                  y2="18"
                />
              </svg>
            </span>
          </button>
        </div>
        <div>
          <div />
          <div>
            <button
              className="root_normalPriority"
              disabled={true}
              type="reset"
            >
              <span
                className="content"
              >
                Cancel
              </span>
            </button>
            <button
              className="root_highPriority"
              disabled={true}
              type="submit"
            >
              <span
                className="content"
              >
                Confirm
              </span>
            </button>
          </div>
        </div>
      </div>
    </form>
  </aside>
</modal-mock>
`;

exports[`renders a basic Dialog 1`] = `
<modal-mock>
  <aside>
    <form
      onKeyDown={[Function]}
      onReset={[Function]}
      onSubmit={[Function]}
    >
      <button
        disabled={false}
        type="reset"
      />
      <div>
        <div>
          <span>
            Unit Test Dialog Title
          </span>
          <button
            disabled={false}
            type="reset"
          >
            <span
              className="root"
            >
              <svg
                className="icon"
                fill="none"
                height="24"
                stroke="currentColor"
                strokeLinecap="round"
                strokeLinejoin="round"
                strokeWidth="2"
                viewBox="0 0 24 24"
                width="24"
                xmlns="http://www.w3.org/2000/svg"
              >
                <line
                  x1="18"
                  x2="6"
                  y1="6"
                  y2="18"
                />
                <line
                  x1="6"
                  x2="18"
                  y1="6"
                  y2="18"
                />
              </svg>
            </span>
          </button>
        </div>
        <div>
          <div />
          <div>
            <button
              className="root_normalPriority"
              disabled={false}
              type="reset"
            >
              <span
                className="content"
              >
                Cancel
              </span>
            </button>
            <button
              className="root_highPriority"
              type="submit"
            >
              <span
                className="content"
              >
                Confirm
              </span>
            </button>
          </div>
        </div>
      </div>
    </form>
  </aside>
</modal-mock>
`;

exports[`renders a dialog with only the confirm button disabled 1`] = `
<modal-mock>
  <aside>
    <form
      onKeyDown={[Function]}
      onReset={[Function]}
      onSubmit={[Function]}
    >
      <button
        disabled={false}
        type="reset"
      />
      <div>
        <div>
          <span>
            Unit Test Dialog Title
          </span>
          <button
            disabled={false}
            type="reset"
          >
            <span
              className="root"
            >
              <svg
                className="icon"
                fill="none"
                height="24"
                stroke="currentColor"
                strokeLinecap="round"
                strokeLinejoin="round"
                strokeWidth="2"
                viewBox="0 0 24 24"
                width="24"
                xmlns="http://www.w3.org/2000/svg"
              >
                <line
                  x1="18"
                  x2="6"
                  y1="6"
                  y2="18"
                />
                <line
                  x1="6"
                  x2="18"
                  y1="6"
                  y2="18"
                />
              </svg>
            </span>
          </button>
        </div>
        <div>
          <div />
          <div>
            <button
              className="root_normalPriority"
              disabled={false}
              type="reset"
            >
              <span
                className="content"
              >
                Cancel
              </span>
            </button>
            <button
              className="root_highPriority"
              disabled={true}
              type="submit"
            >
              <span
                className="content"
              >
                Confirm
              </span>
            </button>
          </div>
        </div>
      </div>
    </form>
  </aside>
</modal-mock>
`;

exports[`supports modifying title and button texts 1`] = `
<modal-mock>
  <aside>
    <form
      onKeyDown={[Function]}
      onReset={[Function]}
      onSubmit={[Function]}
    >
      <button
        disabled={false}
        type="reset"
      />
      <div>
        <div>
          <span>
            Unit Test Title
          </span>
          <button
            disabled={false}
            type="reset"
          >
            <span
              className="root"
            >
              <svg
                className="icon"
                fill="none"
                height="24"
                stroke="currentColor"
                strokeLinecap="round"
                strokeLinejoin="round"
                strokeWidth="2"
                viewBox="0 0 24 24"
                width="24"
                xmlns="http://www.w3.org/2000/svg"
              >
                <line
                  x1="18"
                  x2="6"
                  y1="6"
                  y2="18"
                />
                <line
                  x1="6"
                  x2="18"
                  y1="6"
                  y2="18"
                />
              </svg>
            </span>
          </button>
        </div>
        <div>
          <div />
          <div>
            <button
              className="root_normalPriority"
              disabled={false}
              type="reset"
            >
              <span
                className="content"
              >
                Unit Test Cancel
              </span>
            </button>
            <button
              className="root_highPriority"
              type="submit"
            >
              <span
                className="content"
              >
                Unit Test Confirm
              </span>
            </button>
          </div>
        </div>
      </div>
    </form>
  </aside>
</modal-mock>
`;
