// Jest Snapshot v1, https://goo.gl/fbAQLP

exports[`renders accumulated gift card value 1`] = `null`;

exports[`renders gift card summary line item correctly 1`] = `null`;

exports[`renders nothing if gift card data is empty 1`] = `null`;

exports[`renders nothing if gift card value is "0" 1`] = `null`;
