// Jest Snapshot v1, https://goo.gl/fbAQLP

exports[`returns concatenated error message 1`] = `"graphQLErrors, Generic Error"`;
