// Jest Snapshot v1, https://goo.gl/fbAQLP

exports[`it renders Venia price adjustments 1`] = `
<div>
  <div>
    <div>
      <button
        onClick={[Function]}
      >
        <div>
          Select Shipping Method
        </div>
        <span>
          <svg
            fill="none"
            height="24"
            stroke="currentColor"
            strokeLinecap="round"
            strokeLinejoin="round"
            strokeWidth="2"
            viewBox="0 0 24 24"
            width="24"
            xmlns="http://www.w3.org/2000/svg"
          >
            <polyline
              points="18 15 12 9 6 15"
            />
          </svg>
        </span>
      </button>
      <div>
        <a
          href="https://jira.corp.magento.com/browse/PWA-239"
        >
          Shipping Methods to be completed by PWA-239.
        </a>
      </div>
    </div>
    <div>
      <button
        onClick={[Function]}
      >
        <div>
          Enter Coupon Code
        </div>
        <span>
          <svg
            fill="none"
            height="24"
            stroke="currentColor"
            strokeLinecap="round"
            strokeLinejoin="round"
            strokeWidth="2"
            viewBox="0 0 24 24"
            width="24"
            xmlns="http://www.w3.org/2000/svg"
          >
            <polyline
              points="6 9 12 15 18 9"
            />
          </svg>
        </span>
      </button>
      <div />
    </div>
    <div>
      <button
        onClick={[Function]}
      >
        <div>
          Apply Gift Card
        </div>
        <span>
          <svg
            fill="none"
            height="24"
            stroke="currentColor"
            strokeLinecap="round"
            strokeLinejoin="round"
            strokeWidth="2"
            viewBox="0 0 24 24"
            width="24"
            xmlns="http://www.w3.org/2000/svg"
          >
            <polyline
              points="6 9 12 15 18 9"
            />
          </svg>
        </span>
      </button>
      <div />
    </div>
    <div>
      <button
        onClick={[Function]}
      >
        <div>
          See Gift Options
        </div>
        <span>
          <svg
            fill="none"
            height="24"
            stroke="currentColor"
            strokeLinecap="round"
            strokeLinejoin="round"
            strokeWidth="2"
            viewBox="0 0 24 24"
            width="24"
            xmlns="http://www.w3.org/2000/svg"
          >
            <polyline
              points="6 9 12 15 18 9"
            />
          </svg>
        </span>
      </button>
      <div />
    </div>
  </div>
</div>
`;
